#! /usr/bin/vvp
:ivl_version "12.0 (stable)";
:ivl_delay_selection "TYPICAL";
:vpi_time_precision - 12;
:vpi_module "/usr/lib/x86_64-linux-gnu/ivl/system.vpi";
:vpi_module "/usr/lib/x86_64-linux-gnu/ivl/vhdl_sys.vpi";
:vpi_module "/usr/lib/x86_64-linux-gnu/ivl/vhdl_textio.vpi";
:vpi_module "/usr/lib/x86_64-linux-gnu/ivl/v2005_math.vpi";
:vpi_module "/usr/lib/x86_64-linux-gnu/ivl/va_math.vpi";
S_0x5cdad20b1040 .scope module, "tb_top" "tb_top" 2 4;
 .timescale -9 -12;
v0x5cdad20f5710_0 .var "btn_dec", 0 0;
v0x5cdad20f5800_0 .var "btn_inc", 0 0;
v0x5cdad20f58d0_0 .var "btn_send", 0 0;
v0x5cdad20f59a0_0 .var "clk", 0 0;
v0x5cdad20f5a40_0 .net "led", 7 0, L_0x5cdad20a8000;  1 drivers
v0x5cdad20f5b30_0 .var "rst", 0 0;
v0x5cdad20f5bd0_0 .var "rxd", 0 0;
v0x5cdad20f5cc0_0 .net "txd", 0 0, v0x5cdad20f4540_0;  1 drivers
S_0x5cdad20b11d0 .scope task, "send_uart_byte" "send_uart_byte" 2 37, 2 37 0, S_0x5cdad20b1040;
 .timescale -9 -12;
v0x5cdad20a8b90_0 .var "data", 7 0;
TD_tb_top.send_uart_byte ;
    %pushi/vec4 0, 0, 1;
    %store/vec4 v0x5cdad20f5bd0_0, 0, 1;
    %delay 8680556, 0;
    %fork t_1, S_0x5cdad20bb860;
    %jmp t_0;
    .scope S_0x5cdad20bb860;
t_1 ;
    %pushi/vec4 0, 0, 32;
    %store/vec4 v0x5cdad20a8ac0_0, 0, 32;
T_0.0 ;
    %load/vec4 v0x5cdad20a8ac0_0;
    %cmpi/s 8, 0, 32;
    %jmp/0xz T_0.1, 5;
    %load/vec4 v0x5cdad20a8b90_0;
    %load/vec4 v0x5cdad20a8ac0_0;
    %part/s 1;
    %store/vec4 v0x5cdad20f5bd0_0, 0, 1;
    %delay 8680556, 0;
    %load/vec4 v0x5cdad20a8ac0_0;
    %addi 1, 0, 32;
    %store/vec4 v0x5cdad20a8ac0_0, 0, 32;
    %jmp T_0.0;
T_0.1 ;
    %end;
    .scope S_0x5cdad20b11d0;
t_0 %join;
    %pushi/vec4 1, 0, 1;
    %store/vec4 v0x5cdad20f5bd0_0, 0, 1;
    %delay 8680556, 0;
    %end;
S_0x5cdad20bb860 .scope begin, "$ivl_for_loop0" "$ivl_for_loop0" 2 45, 2 45 0, S_0x5cdad20b11d0;
 .timescale -9 -12;
v0x5cdad20a8ac0_0 .var/i "i", 31 0;
S_0x5cdad20f2a90 .scope module, "uut" "top" 2 23, 3 2 0, S_0x5cdad20b1040;
 .timescale -9 -12;
    .port_info 0 /INPUT 1 "clk";
    .port_info 1 /INPUT 1 "rst";
    .port_info 2 /INPUT 1 "rxd";
    .port_info 3 /OUTPUT 1 "txd";
    .port_info 4 /INPUT 1 "btn_inc";
    .port_info 5 /INPUT 1 "btn_dec";
    .port_info 6 /OUTPUT 8 "led";
L_0x5cdad20a8000 .functor BUFZ 8, v0x5cdad20f5060_0, C4<00000000>, C4<00000000>, C4<00000000>;
v0x5cdad20f4720_0 .net *"_ivl_0", 31 0, L_0x5cdad20f5db0;  1 drivers
L_0x767a751b7018 .functor BUFT 1, C4<000000000000000000000000>, C4<0>, C4<0>, C4<0>;
v0x5cdad20f4820_0 .net *"_ivl_3", 23 0, L_0x767a751b7018;  1 drivers
L_0x767a751b7060 .functor BUFT 1, C4<00000000000000000000000011101001>, C4<0>, C4<0>, C4<0>;
v0x5cdad20f4900_0 .net/2u *"_ivl_4", 31 0, L_0x767a751b7060;  1 drivers
v0x5cdad20f49c0_0 .var "baud_counter", 7 0;
v0x5cdad20f4aa0_0 .net "baud_tick", 0 0, L_0x5cdad2105f10;  1 drivers
v0x5cdad20f4b90_0 .net "btn_dec", 0 0, v0x5cdad20f5710_0;  1 drivers
v0x5cdad20f4c50_0 .net "btn_inc", 0 0, v0x5cdad20f5800_0;  1 drivers
v0x5cdad20f4d10_0 .net "clk", 0 0, v0x5cdad20f59a0_0;  1 drivers
v0x5cdad20f4e00_0 .var "dec_req", 0 0;
v0x5cdad20f4ec0_0 .var "inc_req", 0 0;
v0x5cdad20f4f80_0 .net "led", 7 0, L_0x5cdad20a8000;  alias, 1 drivers
v0x5cdad20f5060_0 .var "led_reg", 7 0;
v0x5cdad20f5140_0 .net "rst", 0 0, v0x5cdad20f5b30_0;  1 drivers
v0x5cdad20f51e0_0 .net "rx_byte", 7 0, v0x5cdad20f31b0_0;  1 drivers
v0x5cdad20f52f0_0 .net "rx_done", 0 0, v0x5cdad20a57b0_0;  1 drivers
v0x5cdad20f5390_0 .net "rxd", 0 0, v0x5cdad20f5bd0_0;  1 drivers
v0x5cdad20f5430_0 .var "send_req", 0 0;
v0x5cdad20f54d0_0 .net "tx_busy", 0 0, v0x5cdad20f43c0_0;  1 drivers
v0x5cdad20f5570_0 .var "tx_start", 0 0;
v0x5cdad20f5610_0 .net "txd", 0 0, v0x5cdad20f4540_0;  alias, 1 drivers
L_0x5cdad20f5db0 .concat [ 8 24 0 0], v0x5cdad20f49c0_0, L_0x767a751b7018;
L_0x5cdad2105f10 .cmp/eq 32, L_0x5cdad20f5db0, L_0x767a751b7060;
S_0x5cdad20f2c90 .scope module, "u_rx" "uart_rx_fsm" 3 37, 4 1 0, S_0x5cdad20f2a90;
 .timescale -9 -12;
    .port_info 0 /INPUT 1 "clk";
    .port_info 1 /INPUT 1 "rst";
    .port_info 2 /INPUT 1 "rxd";
    .port_info 3 /INPUT 1 "baud_tick";
    .port_info 4 /OUTPUT 8 "dout";
    .port_info 5 /OUTPUT 1 "data_ready";
P_0x5cdad20d15f0 .param/l "DATA" 0 4 13, C4<010>;
P_0x5cdad20d1630 .param/l "DONE" 0 4 15, C4<100>;
P_0x5cdad20d1670 .param/l "IDLE" 0 4 11, C4<000>;
P_0x5cdad20d16b0 .param/l "START" 0 4 12, C4<001>;
P_0x5cdad20d16f0 .param/l "STOP" 0 4 14, C4<011>;
v0x5cdad20a9470_0 .net "baud_tick", 0 0, L_0x5cdad2105f10;  alias, 1 drivers
v0x5cdad20aa0a0_0 .var "bit_cnt", 3 0;
v0x5cdad20a5710_0 .net "clk", 0 0, v0x5cdad20f59a0_0;  alias, 1 drivers
v0x5cdad20a57b0_0 .var "data_ready", 0 0;
v0x5cdad20f31b0_0 .var "dout", 7 0;
v0x5cdad20f32e0_0 .var "next_state", 2 0;
v0x5cdad20f33c0_0 .net "rst", 0 0, v0x5cdad20f5b30_0;  alias, 1 drivers
v0x5cdad20f3480_0 .net "rxd", 0 0, v0x5cdad20f5bd0_0;  alias, 1 drivers
v0x5cdad20f3540_0 .var "shift_reg", 7 0;
v0x5cdad20f3620_0 .var "state", 2 0;
E_0x5cdad2072f90 .event anyedge, v0x5cdad20f3620_0, v0x5cdad20f3480_0, v0x5cdad20a9470_0, v0x5cdad20aa0a0_0;
E_0x5cdad20ab3b0 .event posedge, v0x5cdad20f33c0_0, v0x5cdad20a5710_0;
S_0x5cdad20f37c0 .scope module, "u_tx" "uart_tx_fsm" 3 46, 5 1 0, S_0x5cdad20f2a90;
 .timescale -9 -12;
    .port_info 0 /INPUT 1 "clk";
    .port_info 1 /INPUT 1 "rst";
    .port_info 2 /INPUT 1 "tx_start";
    .port_info 3 /INPUT 8 "din";
    .port_info 4 /INPUT 1 "baud_tick";
    .port_info 5 /OUTPUT 1 "txd";
    .port_info 6 /OUTPUT 1 "tx_done";
P_0x5cdad20f3970 .param/l "DATA" 0 5 14, C4<010>;
P_0x5cdad20f39b0 .param/l "DONE" 0 5 16, C4<100>;
P_0x5cdad20f39f0 .param/l "IDLE" 0 5 12, C4<000>;
P_0x5cdad20f3a30 .param/l "START" 0 5 13, C4<001>;
P_0x5cdad20f3a70 .param/l "STOP" 0 5 15, C4<011>;
v0x5cdad20f3dd0_0 .net "baud_tick", 0 0, L_0x5cdad2105f10;  alias, 1 drivers
v0x5cdad20f3e90_0 .var "bit_cnt", 3 0;
v0x5cdad20f3f50_0 .net "clk", 0 0, v0x5cdad20f59a0_0;  alias, 1 drivers
v0x5cdad20f3ff0_0 .net "din", 7 0, v0x5cdad20f31b0_0;  alias, 1 drivers
v0x5cdad20f4090_0 .var "next_state", 2 0;
v0x5cdad20f4180_0 .net "rst", 0 0, v0x5cdad20f5b30_0;  alias, 1 drivers
v0x5cdad20f4220_0 .var "shift_reg", 7 0;
v0x5cdad20f42e0_0 .var "state", 2 0;
v0x5cdad20f43c0_0 .var "tx_done", 0 0;
v0x5cdad20f4480_0 .net "tx_start", 0 0, v0x5cdad20f5570_0;  1 drivers
v0x5cdad20f4540_0 .var "txd", 0 0;
E_0x5cdad2096290 .event anyedge, v0x5cdad20f42e0_0, v0x5cdad20f4480_0, v0x5cdad20a9470_0, v0x5cdad20f3e90_0;
    .scope S_0x5cdad20f2c90;
T_1 ;
    %wait E_0x5cdad20ab3b0;
    %load/vec4 v0x5cdad20f33c0_0;
    %flag_set/vec4 8;
    %jmp/0xz  T_1.0, 8;
    %pushi/vec4 0, 0, 3;
    %assign/vec4 v0x5cdad20f3620_0, 0;
    %pushi/vec4 0, 0, 4;
    %assign/vec4 v0x5cdad20aa0a0_0, 0;
    %pushi/vec4 0, 0, 8;
    %assign/vec4 v0x5cdad20f3540_0, 0;
    %pushi/vec4 0, 0, 8;
    %assign/vec4 v0x5cdad20f31b0_0, 0;
    %pushi/vec4 0, 0, 1;
    %assign/vec4 v0x5cdad20a57b0_0, 0;
    %jmp T_1.1;
T_1.0 ;
    %load/vec4 v0x5cdad20f32e0_0;
    %assign/vec4 v0x5cdad20f3620_0, 0;
    %load/vec4 v0x5cdad20f3620_0;
    %dup/vec4;
    %pushi/vec4 0, 0, 3;
    %cmp/u;
    %jmp/1 T_1.2, 6;
    %dup/vec4;
    %pushi/vec4 1, 0, 3;
    %cmp/u;
    %jmp/1 T_1.3, 6;
    %dup/vec4;
    %pushi/vec4 2, 0, 3;
    %cmp/u;
    %jmp/1 T_1.4, 6;
    %dup/vec4;
    %pushi/vec4 3, 0, 3;
    %cmp/u;
    %jmp/1 T_1.5, 6;
    %dup/vec4;
    %pushi/vec4 4, 0, 3;
    %cmp/u;
    %jmp/1 T_1.6, 6;
    %pushi/vec4 0, 0, 3;
    %assign/vec4 v0x5cdad20f3620_0, 0;
    %jmp T_1.8;
T_1.2 ;
    %pushi/vec4 0, 0, 1;
    %assign/vec4 v0x5cdad20a57b0_0, 0;
    %jmp T_1.8;
T_1.3 ;
    %pushi/vec4 0, 0, 4;
    %assign/vec4 v0x5cdad20aa0a0_0, 0;
    %pushi/vec4 0, 0, 8;
    %assign/vec4 v0x5cdad20f3540_0, 0;
    %jmp T_1.8;
T_1.4 ;
    %load/vec4 v0x5cdad20a9470_0;
    %flag_set/vec4 8;
    %jmp/0xz  T_1.9, 8;
    %load/vec4 v0x5cdad20f3480_0;
    %load/vec4 v0x5cdad20f3540_0;
    %parti/s 7, 1, 2;
    %concat/vec4; draw_concat_vec4
    %assign/vec4 v0x5cdad20f3540_0, 0;
    %load/vec4 v0x5cdad20aa0a0_0;
    %pad/u 32;
    %cmpi/u 7, 0, 32;
    %jmp/0xz  T_1.11, 5;
    %load/vec4 v0x5cdad20aa0a0_0;
    %addi 1, 0, 4;
    %assign/vec4 v0x5cdad20aa0a0_0, 0;
T_1.11 ;
T_1.9 ;
    %jmp T_1.8;
T_1.5 ;
    %load/vec4 v0x5cdad20a9470_0;
    %flag_set/vec4 8;
    %jmp/0xz  T_1.13, 8;
    %load/vec4 v0x5cdad20f3540_0;
    %assign/vec4 v0x5cdad20f31b0_0, 0;
    %pushi/vec4 1, 0, 1;
    %assign/vec4 v0x5cdad20a57b0_0, 0;
T_1.13 ;
    %jmp T_1.8;
T_1.6 ;
    %pushi/vec4 0, 0, 1;
    %assign/vec4 v0x5cdad20a57b0_0, 0;
    %jmp T_1.8;
T_1.8 ;
    %pop/vec4 1;
T_1.1 ;
    %jmp T_1;
    .thread T_1;
    .scope S_0x5cdad20f2c90;
T_2 ;
    %wait E_0x5cdad2072f90;
    %load/vec4 v0x5cdad20f3620_0;
    %store/vec4 v0x5cdad20f32e0_0, 0, 3;
    %load/vec4 v0x5cdad20f3620_0;
    %dup/vec4;
    %pushi/vec4 0, 0, 3;
    %cmp/u;
    %jmp/1 T_2.0, 6;
    %dup/vec4;
    %pushi/vec4 1, 0, 3;
    %cmp/u;
    %jmp/1 T_2.1, 6;
    %dup/vec4;
    %pushi/vec4 2, 0, 3;
    %cmp/u;
    %jmp/1 T_2.2, 6;
    %dup/vec4;
    %pushi/vec4 3, 0, 3;
    %cmp/u;
    %jmp/1 T_2.3, 6;
    %dup/vec4;
    %pushi/vec4 4, 0, 3;
    %cmp/u;
    %jmp/1 T_2.4, 6;
    %pushi/vec4 0, 0, 3;
    %store/vec4 v0x5cdad20f32e0_0, 0, 3;
    %jmp T_2.6;
T_2.0 ;
    %load/vec4 v0x5cdad20f3480_0;
    %nor/r;
    %flag_set/vec4 8;
    %jmp/0xz  T_2.7, 8;
    %pushi/vec4 1, 0, 3;
    %store/vec4 v0x5cdad20f32e0_0, 0, 3;
T_2.7 ;
    %jmp T_2.6;
T_2.1 ;
    %load/vec4 v0x5cdad20a9470_0;
    %flag_set/vec4 8;
    %jmp/0xz  T_2.9, 8;
    %pushi/vec4 2, 0, 3;
    %store/vec4 v0x5cdad20f32e0_0, 0, 3;
T_2.9 ;
    %jmp T_2.6;
T_2.2 ;
    %load/vec4 v0x5cdad20a9470_0;
    %flag_set/vec4 9;
    %flag_get/vec4 9;
    %jmp/0 T_2.13, 9;
    %load/vec4 v0x5cdad20aa0a0_0;
    %pad/u 32;
    %pushi/vec4 7, 0, 32;
    %cmp/e;
    %flag_get/vec4 4;
    %and;
T_2.13;
    %flag_set/vec4 8;
    %jmp/0xz  T_2.11, 8;
    %pushi/vec4 3, 0, 3;
    %store/vec4 v0x5cdad20f32e0_0, 0, 3;
T_2.11 ;
    %jmp T_2.6;
T_2.3 ;
    %load/vec4 v0x5cdad20a9470_0;
    %flag_set/vec4 8;
    %jmp/0xz  T_2.14, 8;
    %pushi/vec4 4, 0, 3;
    %store/vec4 v0x5cdad20f32e0_0, 0, 3;
T_2.14 ;
    %jmp T_2.6;
T_2.4 ;
    %pushi/vec4 0, 0, 3;
    %store/vec4 v0x5cdad20f32e0_0, 0, 3;
    %jmp T_2.6;
T_2.6 ;
    %pop/vec4 1;
    %jmp T_2;
    .thread T_2, $push;
    .scope S_0x5cdad20f37c0;
T_3 ;
    %wait E_0x5cdad20ab3b0;
    %load/vec4 v0x5cdad20f4180_0;
    %flag_set/vec4 8;
    %jmp/0xz  T_3.0, 8;
    %pushi/vec4 0, 0, 3;
    %assign/vec4 v0x5cdad20f42e0_0, 0;
    %pushi/vec4 1, 0, 1;
    %assign/vec4 v0x5cdad20f4540_0, 0;
    %pushi/vec4 0, 0, 1;
    %assign/vec4 v0x5cdad20f43c0_0, 0;
    %pushi/vec4 0, 0, 8;
    %assign/vec4 v0x5cdad20f4220_0, 0;
    %pushi/vec4 0, 0, 4;
    %assign/vec4 v0x5cdad20f3e90_0, 0;
    %jmp T_3.1;
T_3.0 ;
    %load/vec4 v0x5cdad20f4090_0;
    %assign/vec4 v0x5cdad20f42e0_0, 0;
    %load/vec4 v0x5cdad20f42e0_0;
    %dup/vec4;
    %pushi/vec4 0, 0, 3;
    %cmp/u;
    %jmp/1 T_3.2, 6;
    %dup/vec4;
    %pushi/vec4 1, 0, 3;
    %cmp/u;
    %jmp/1 T_3.3, 6;
    %dup/vec4;
    %pushi/vec4 2, 0, 3;
    %cmp/u;
    %jmp/1 T_3.4, 6;
    %dup/vec4;
    %pushi/vec4 3, 0, 3;
    %cmp/u;
    %jmp/1 T_3.5, 6;
    %dup/vec4;
    %pushi/vec4 4, 0, 3;
    %cmp/u;
    %jmp/1 T_3.6, 6;
    %pushi/vec4 0, 0, 3;
    %assign/vec4 v0x5cdad20f42e0_0, 0;
    %jmp T_3.8;
T_3.2 ;
    %pushi/vec4 1, 0, 1;
    %assign/vec4 v0x5cdad20f4540_0, 0;
    %pushi/vec4 0, 0, 1;
    %assign/vec4 v0x5cdad20f43c0_0, 0;
    %load/vec4 v0x5cdad20f4480_0;
    %flag_set/vec4 8;
    %jmp/0xz  T_3.9, 8;
    %load/vec4 v0x5cdad20f3ff0_0;
    %assign/vec4 v0x5cdad20f4220_0, 0;
T_3.9 ;
    %jmp T_3.8;
T_3.3 ;
    %pushi/vec4 0, 0, 1;
    %assign/vec4 v0x5cdad20f4540_0, 0;
    %jmp T_3.8;
T_3.4 ;
    %load/vec4 v0x5cdad20f3dd0_0;
    %flag_set/vec4 8;
    %jmp/0xz  T_3.11, 8;
    %load/vec4 v0x5cdad20f4220_0;
    %parti/s 1, 0, 2;
    %assign/vec4 v0x5cdad20f4540_0, 0;
    %pushi/vec4 0, 0, 1;
    %load/vec4 v0x5cdad20f4220_0;
    %parti/s 7, 1, 2;
    %concat/vec4; draw_concat_vec4
    %assign/vec4 v0x5cdad20f4220_0, 0;
    %load/vec4 v0x5cdad20f3e90_0;
    %cmpi/u 7, 0, 4;
    %jmp/0xz  T_3.13, 5;
    %load/vec4 v0x5cdad20f3e90_0;
    %addi 1, 0, 4;
    %assign/vec4 v0x5cdad20f3e90_0, 0;
T_3.13 ;
T_3.11 ;
    %jmp T_3.8;
T_3.5 ;
    %load/vec4 v0x5cdad20f3dd0_0;
    %flag_set/vec4 8;
    %jmp/0xz  T_3.15, 8;
    %pushi/vec4 1, 0, 1;
    %assign/vec4 v0x5cdad20f4540_0, 0;
T_3.15 ;
    %jmp T_3.8;
T_3.6 ;
    %pushi/vec4 1, 0, 1;
    %assign/vec4 v0x5cdad20f43c0_0, 0;
    %jmp T_3.8;
T_3.8 ;
    %pop/vec4 1;
T_3.1 ;
    %jmp T_3;
    .thread T_3;
    .scope S_0x5cdad20f37c0;
T_4 ;
    %wait E_0x5cdad2096290;
    %load/vec4 v0x5cdad20f42e0_0;
    %store/vec4 v0x5cdad20f4090_0, 0, 3;
    %load/vec4 v0x5cdad20f42e0_0;
    %dup/vec4;
    %pushi/vec4 0, 0, 3;
    %cmp/u;
    %jmp/1 T_4.0, 6;
    %dup/vec4;
    %pushi/vec4 1, 0, 3;
    %cmp/u;
    %jmp/1 T_4.1, 6;
    %dup/vec4;
    %pushi/vec4 2, 0, 3;
    %cmp/u;
    %jmp/1 T_4.2, 6;
    %dup/vec4;
    %pushi/vec4 3, 0, 3;
    %cmp/u;
    %jmp/1 T_4.3, 6;
    %dup/vec4;
    %pushi/vec4 4, 0, 3;
    %cmp/u;
    %jmp/1 T_4.4, 6;
    %pushi/vec4 0, 0, 3;
    %store/vec4 v0x5cdad20f4090_0, 0, 3;
    %jmp T_4.6;
T_4.0 ;
    %load/vec4 v0x5cdad20f4480_0;
    %flag_set/vec4 8;
    %jmp/0xz  T_4.7, 8;
    %pushi/vec4 1, 0, 3;
    %store/vec4 v0x5cdad20f4090_0, 0, 3;
    %jmp T_4.8;
T_4.7 ;
    %pushi/vec4 0, 0, 3;
    %store/vec4 v0x5cdad20f4090_0, 0, 3;
T_4.8 ;
    %jmp T_4.6;
T_4.1 ;
    %load/vec4 v0x5cdad20f3dd0_0;
    %flag_set/vec4 8;
    %jmp/0xz  T_4.9, 8;
    %pushi/vec4 2, 0, 3;
    %store/vec4 v0x5cdad20f4090_0, 0, 3;
    %jmp T_4.10;
T_4.9 ;
    %pushi/vec4 1, 0, 3;
    %store/vec4 v0x5cdad20f4090_0, 0, 3;
T_4.10 ;
    %jmp T_4.6;
T_4.2 ;
    %load/vec4 v0x5cdad20f3dd0_0;
    %flag_set/vec4 9;
    %flag_get/vec4 9;
    %jmp/0 T_4.13, 9;
    %load/vec4 v0x5cdad20f3e90_0;
    %pushi/vec4 7, 0, 4;
    %cmp/e;
    %flag_get/vec4 4;
    %and;
T_4.13;
    %flag_set/vec4 8;
    %jmp/0xz  T_4.11, 8;
    %pushi/vec4 3, 0, 3;
    %store/vec4 v0x5cdad20f4090_0, 0, 3;
    %jmp T_4.12;
T_4.11 ;
    %pushi/vec4 2, 0, 3;
    %store/vec4 v0x5cdad20f4090_0, 0, 3;
T_4.12 ;
    %jmp T_4.6;
T_4.3 ;
    %load/vec4 v0x5cdad20f3dd0_0;
    %flag_set/vec4 8;
    %jmp/0xz  T_4.14, 8;
    %pushi/vec4 4, 0, 3;
    %store/vec4 v0x5cdad20f4090_0, 0, 3;
    %jmp T_4.15;
T_4.14 ;
    %pushi/vec4 3, 0, 3;
    %store/vec4 v0x5cdad20f4090_0, 0, 3;
T_4.15 ;
    %jmp T_4.6;
T_4.4 ;
    %pushi/vec4 0, 0, 3;
    %store/vec4 v0x5cdad20f4090_0, 0, 3;
    %jmp T_4.6;
T_4.6 ;
    %pop/vec4 1;
    %jmp T_4;
    .thread T_4, $push;
    .scope S_0x5cdad20f2a90;
T_5 ;
    %wait E_0x5cdad20ab3b0;
    %load/vec4 v0x5cdad20f5140_0;
    %flag_set/vec4 8;
    %jmp/0xz  T_5.0, 8;
    %pushi/vec4 0, 0, 8;
    %assign/vec4 v0x5cdad20f49c0_0, 0;
    %jmp T_5.1;
T_5.0 ;
    %load/vec4 v0x5cdad20f49c0_0;
    %pad/u 32;
    %cmpi/e 233, 0, 32;
    %jmp/0xz  T_5.2, 4;
    %pushi/vec4 0, 0, 8;
    %assign/vec4 v0x5cdad20f49c0_0, 0;
    %jmp T_5.3;
T_5.2 ;
    %load/vec4 v0x5cdad20f49c0_0;
    %addi 1, 0, 8;
    %assign/vec4 v0x5cdad20f49c0_0, 0;
T_5.3 ;
T_5.1 ;
    %jmp T_5;
    .thread T_5;
    .scope S_0x5cdad20f2a90;
T_6 ;
    %wait E_0x5cdad20ab3b0;
    %load/vec4 v0x5cdad20f5140_0;
    %flag_set/vec4 8;
    %jmp/0xz  T_6.0, 8;
    %pushi/vec4 0, 0, 1;
    %assign/vec4 v0x5cdad20f5430_0, 0;
    %pushi/vec4 0, 0, 1;
    %assign/vec4 v0x5cdad20f4ec0_0, 0;
    %pushi/vec4 0, 0, 1;
    %assign/vec4 v0x5cdad20f4e00_0, 0;
    %jmp T_6.1;
T_6.0 ;
    %load/vec4 v0x5cdad20f4c50_0;
    %assign/vec4 v0x5cdad20f4ec0_0, 0;
    %load/vec4 v0x5cdad20f4b90_0;
    %assign/vec4 v0x5cdad20f4e00_0, 0;
T_6.1 ;
    %jmp T_6;
    .thread T_6;
    .scope S_0x5cdad20f2a90;
T_7 ;
    %wait E_0x5cdad20ab3b0;
    %load/vec4 v0x5cdad20f5140_0;
    %flag_set/vec4 8;
    %jmp/0xz  T_7.0, 8;
    %pushi/vec4 0, 0, 1;
    %assign/vec4 v0x5cdad20f5570_0, 0;
    %jmp T_7.1;
T_7.0 ;
    %load/vec4 v0x5cdad20f54d0_0;
    %flag_set/vec4 8;
    %jmp/0xz  T_7.2, 8;
    %pushi/vec4 0, 0, 1;
    %assign/vec4 v0x5cdad20f5570_0, 0;
    %jmp T_7.3;
T_7.2 ;
    %pushi/vec4 1, 0, 1;
    %assign/vec4 v0x5cdad20f5570_0, 0;
T_7.3 ;
T_7.1 ;
    %jmp T_7;
    .thread T_7;
    .scope S_0x5cdad20f2a90;
T_8 ;
    %wait E_0x5cdad20ab3b0;
    %load/vec4 v0x5cdad20f5140_0;
    %flag_set/vec4 8;
    %jmp/0xz  T_8.0, 8;
    %pushi/vec4 0, 0, 8;
    %assign/vec4 v0x5cdad20f5060_0, 0;
    %jmp T_8.1;
T_8.0 ;
    %load/vec4 v0x5cdad20f54d0_0;
    %flag_set/vec4 8;
    %jmp/0xz  T_8.2, 8;
    %load/vec4 v0x5cdad20f51e0_0;
    %assign/vec4 v0x5cdad20f5060_0, 0;
    %jmp T_8.3;
T_8.2 ;
    %load/vec4 v0x5cdad20f4ec0_0;
    %flag_set/vec4 8;
    %jmp/0xz  T_8.4, 8;
    %load/vec4 v0x5cdad20f5060_0;
    %addi 1, 0, 8;
    %assign/vec4 v0x5cdad20f5060_0, 0;
    %jmp T_8.5;
T_8.4 ;
    %load/vec4 v0x5cdad20f4e00_0;
    %flag_set/vec4 8;
    %jmp/0xz  T_8.6, 8;
    %load/vec4 v0x5cdad20f5060_0;
    %subi 1, 0, 8;
    %assign/vec4 v0x5cdad20f5060_0, 0;
T_8.6 ;
T_8.5 ;
T_8.3 ;
T_8.1 ;
    %jmp T_8;
    .thread T_8;
    .scope S_0x5cdad20b1040;
T_9 ;
    %pushi/vec4 0, 0, 1;
    %store/vec4 v0x5cdad20f59a0_0, 0, 1;
    %pushi/vec4 1, 0, 1;
    %store/vec4 v0x5cdad20f5b30_0, 0, 1;
    %pushi/vec4 1, 0, 1;
    %store/vec4 v0x5cdad20f5bd0_0, 0, 1;
    %pushi/vec4 0, 0, 1;
    %store/vec4 v0x5cdad20f5800_0, 0, 1;
    %pushi/vec4 0, 0, 1;
    %store/vec4 v0x5cdad20f5710_0, 0, 1;
    %pushi/vec4 0, 0, 1;
    %store/vec4 v0x5cdad20f58d0_0, 0, 1;
    %end;
    .thread T_9;
    .scope S_0x5cdad20b1040;
T_10 ;
    %delay 18518, 0;
    %load/vec4 v0x5cdad20f59a0_0;
    %inv;
    %store/vec4 v0x5cdad20f59a0_0, 0, 1;
    %jmp T_10;
    .thread T_10;
    .scope S_0x5cdad20b1040;
T_11 ;
    %vpi_call 2 58 "$dumpfile", "tb_top.vcd" {0 0 0};
    %vpi_call 2 59 "$dumpvars", 32'sb00000000000000000000000000000000, S_0x5cdad20b1040 {0 0 0};
    %vpi_call 2 62 "$monitor", "Time = %0t | led = 0x%02h (%0d)", $time, v0x5cdad20f5a40_0, v0x5cdad20f5a40_0 {0 0 0};
    %delay 100000, 0;
    %pushi/vec4 0, 0, 1;
    %store/vec4 v0x5cdad20f5b30_0, 0, 1;
    %delay 200000, 0;
    %vpi_call 2 71 "$display", "Sending UART byte 0xA5..." {0 0 0};
    %pushi/vec4 165, 0, 8;
    %store/vec4 v0x5cdad20a8b90_0, 0, 8;
    %fork TD_tb_top.send_uart_byte, S_0x5cdad20b11d0;
    %join;
    %delay 10000000, 0;
    %vpi_call 2 76 "$display", "Pressing INC button..." {0 0 0};
    %pushi/vec4 1, 0, 1;
    %store/vec4 v0x5cdad20f5800_0, 0, 1;
    %delay 100000, 0;
    %pushi/vec4 0, 0, 1;
    %store/vec4 v0x5cdad20f5800_0, 0, 1;
    %delay 10000000, 0;
    %vpi_call 2 83 "$display", "Pressing DEC button..." {0 0 0};
    %pushi/vec4 1, 0, 1;
    %store/vec4 v0x5cdad20f5710_0, 0, 1;
    %delay 100000, 0;
    %pushi/vec4 0, 0, 1;
    %store/vec4 v0x5cdad20f5710_0, 0, 1;
    %delay 50000000, 0;
    %vpi_call 2 90 "$display", "Simulation finished." {0 0 0};
    %vpi_call 2 91 "$finish" {0 0 0};
    %end;
    .thread T_11;
# The file index is used to find the file name in the following table.
:file_names 6;
    "N/A";
    "<interactive>";
    "testbench.v";
    "top.v";
    "uart_rx_fsm.v";
    "uart_tx_fsm.v";
